2026-09-08T13:42:24.075Z  INFO 1 --- [main] com.structurizr.server.Local             : ***********************************************************************************
2026-09-08T13:42:24.081Z  INFO 1 --- [main] com.structurizr.server.Local             :   _____ _                   _              _          
2026-09-08T13:42:24.081Z  INFO 1 --- [main] com.structurizr.server.Local             :  / ____| |                 | |            (_)         
2026-09-08T13:42:24.081Z  INFO 1 --- [main] com.structurizr.server.Local             : | (___ | |_ _ __ _   _  ___| |_ _   _ _ __ _ _____ __ 
2026-09-08T13:42:24.081Z  INFO 1 --- [main] com.structurizr.server.Local             :  \___ \| __| '__| | | |/ __| __| | | | '__| |_  / '__|
2026-09-08T13:42:24.081Z  INFO 1 --- [main] com.structurizr.server.Local             :  ____) | |_| |  | |_| | (__| |_| |_| | |  | |/ /| |   
2026-09-08T13:42:24.082Z  INFO 1 --- [main] com.structurizr.server.Local             : |_____/ \__|_|   \__,_|\___|\__|\__,_|_|  |_/___|_|   
2026-09-08T13:42:24.083Z  INFO 1 --- [main] com.structurizr.server.Local             :                                                       
2026-09-08T13:42:24.083Z  INFO 1 --- [main] com.structurizr.server.Local             : Local v2026.06.28
2026-09-08T13:42:24.084Z  INFO 1 --- [main] com.structurizr.server.Local             : ***********************************************************************************
2026-09-08T13:42:24.084Z  INFO 1 --- [main] com.structurizr.server.Local             :  - structurizr.authentication: none
2026-09-08T13:42:24.085Z  INFO 1 --- [main] com.structurizr.server.Local             :  - structurizr.autorefreshinterval: 0
2026-09-08T13:42:24.085Z  INFO 1 --- [main] com.structurizr.server.Local             :  - structurizr.autosaveinterval: 5000
2026-09-08T13:42:24.085Z  INFO 1 --- [main] com.structurizr.server.Local             :  - structurizr.cache: none
2026-09-08T13:42:24.085Z  INFO 1 --- [main] com.structurizr.server.Local             :  - structurizr.data: file
2026-09-08T13:42:24.085Z  INFO 1 --- [main] com.structurizr.server.Local             :  - structurizr.datadirectory: /usr/local/structurizr
2026-09-08T13:42:24.086Z  INFO 1 --- [main] com.structurizr.server.Local             :  - structurizr.debug: false
2026-09-08T13:42:24.086Z  INFO 1 --- [main] com.structurizr.server.Local             :  - structurizr.editable: true
2026-09-08T13:42:24.087Z  INFO 1 --- [main] com.structurizr.server.Local             :  - structurizr.logging.filename: /usr/local/structurizr/.structurizr/logs/structurizr.log
2026-09-08T13:42:24.087Z  INFO 1 --- [main] com.structurizr.server.Local             :  - structurizr.network.timeout: 60000
2026-09-08T13:42:24.087Z  INFO 1 --- [main] com.structurizr.server.Local             :  - structurizr.network.urls.allowed: .*
2026-09-08T13:42:24.088Z  INFO 1 --- [main] com.structurizr.server.Local             :  - structurizr.search: lucene
2026-09-08T13:42:24.088Z  INFO 1 --- [main] com.structurizr.server.Local             :  - structurizr.themes: /usr/local/structurizr/themes/
2026-09-08T13:42:24.088Z  INFO 1 --- [main] com.structurizr.server.Local             :  - structurizr.workspace.maxsize: 1MB
2026-09-08T13:42:24.089Z  INFO 1 --- [main] com.structurizr.server.Local             :  - structurizr.workspace.threads: 10
2026-09-08T13:42:24.089Z  INFO 1 --- [main] com.structurizr.server.Local             :  - structurizr.workspaces: 1
2026-09-08T13:42:24.089Z  INFO 1 --- [main] com.structurizr.server.Local             : ***********************************************************************************
2026-09-08T13:42:24.090Z  INFO 1 --- [main] com.structurizr.server.Local             : Themes:
2026-09-08T13:42:24.090Z  INFO 1 --- [main] com.structurizr.server.Local             : ***********************************************************************************
2026-09-08T14:02:55.543Z ERROR 1 --- [http-nio-8080-exec-4] c.s.s.w.w.a.DiagramViewerController      : com.structurizr.dsl.StructurizrDslParserException: Unexpected tokens (expected: archetypes, !identifiers, group, person, softwareSystem, deploymentEnvironment, element, ->) at line 6 of /usr/local/structurizr/workspace.dsl: {
2026-09-08T19:08:59.064Z ERROR 1 --- [http-nio-8080-exec-4] c.s.s.w.w.a.DiagramViewerController      : com.structurizr.dsl.StructurizrDslParserException: The source element "User" does not exist at line 26 of /usr/local/structurizr/workspace.dsl: User -> WebApp "Interacts with"
2026-09-08T19:09:22.447Z ERROR 1 --- [http-nio-8080-exec-8] c.s.s.w.w.a.DiagramViewerController      : com.structurizr.dsl.StructurizrDslParserException: The source element "User" does not exist at line 26 of /usr/local/structurizr/workspace.dsl: User -> WebApp "Interacts with"
2026-09-08T19:10:15.577Z ERROR 1 --- [http-nio-8080-exec-2] c.s.s.w.w.a.DiagramViewerController      : com.structurizr.dsl.StructurizrDslParserException: The identifier "user" is already in use at line 4 of /usr/local/structurizr/workspace.dsl: User = person "Reader" "Reader of the Happy Headlines application"
2026-09-08T19:11:34.254Z ERROR 1 --- [http-nio-8080-exec-4] c.s.s.w.w.a.DiagramViewerController      : com.structurizr.dsl.StructurizrDslParserException: The identifier "user" is already in use at line 4 of /usr/local/structurizr/workspace.dsl: User = person "Reader" "Reads articles, posts comments and subscribes to the newsletter"
2026-09-08T19:12:02.998Z ERROR 1 --- [http-nio-8080-exec-2] c.s.s.w.w.a.DiagramViewerController      : com.structurizr.dsl.StructurizrDslParserException: The source element "User" does not exist at line 26 of /usr/local/structurizr/workspace.dsl: User -> WebApp "Interacts with"
2026-09-08T19:12:14.531Z  WARN 1 --- [http-nio-8080-exec-6] com.structurizr.view.View                : There is no layout information for the element named Reader on view SystemLandscape-001
2026-09-08T19:22:22.733Z ERROR 1 --- [http-nio-8080-exec-4] c.s.s.w.w.a.DiagramViewerController      : com.structurizr.dsl.StructurizrDslParserException: A container named 'Greeting Service' already exists for this software system at line 24 of /usr/local/structurizr/workspace.dsl: ProfanityService = container "Greeting Service" "ASP.NET Core Web API" "Provides a random greeting based on the language." {
2026-09-08T19:36:05.458Z ERROR 1 --- [http-nio-8080-exec-6] c.s.s.w.w.a.DiagramViewerController      : com.structurizr.dsl.StructurizrDslParserException: Unexpected tokens (expected: !docs, !decisions, group, component, description, technology, tags, url, properties, perspectives, ->) at line 9 of /usr/local/structurizr/workspace.dsl: ArticleService = container "Language Service" "C#.NET Web API" "Provides a list of supported languages." {
2026-09-08T19:36:42.489Z ERROR 1 --- [http-nio-8080-exec-4] c.s.s.w.w.a.DiagramViewerController      : com.structurizr.dsl.StructurizrDslParserException: Unexpected tokens (expected: !docs, !decisions, group, component, description, technology, tags, url, properties, perspectives, ->) at line 8 of /usr/local/structurizr/workspace.dsl: ArticleService = container "Language Service" "C#.NET Web API" "Provides a list of supported languages." {
2026-09-08T19:40:19.999Z ERROR 1 --- [http-nio-8080-exec-9] c.s.s.w.w.a.DiagramViewerController      : com.structurizr.dsl.StructurizrDslParserException: Unexpected tokens (expected: !docs, !decisions, group, component, description, technology, tags, url, properties, perspectives, ->) at line 8 of /usr/local/structurizr/workspace.dsl: ArticleService = container "Language Service" "C#.NET Web API" "Provides a list of supported languages." {
2026-09-08T19:45:55.386Z ERROR 1 --- [http-nio-8080-exec-9] c.s.s.w.w.a.DiagramViewerController      : com.structurizr.dsl.StructurizrDslParserException: Too many tokens, expected: container <name> [description] [technology] [tags] at line 14 of /usr/local/structurizr/workspace.dsl: CommentService = container "CommentService "C#.NET Web API" "Provides a random greeting based on the language." {
2026-09-08T19:46:27.232Z ERROR 1 --- [http-nio-8080-exec-7] c.s.s.w.w.a.DiagramViewerController      : com.structurizr.dsl.StructurizrDslParserException: Too many tokens, expected: container <name> [description] [technology] [tags] at line 29 of /usr/local/structurizr/workspace.dsl: SubscriberQueue = container "SubscriberQueue" "C#.NET Web API "Provides a random greeting based on the language." {
2026-09-08T19:46:52.229Z  WARN 1 --- [http-nio-8080-exec-2] com.structurizr.view.View                : There is no layout information for the element named Reader on view SystemLandscape-001
2026-09-08T19:46:52.234Z  WARN 1 --- [http-nio-8080-exec-2] com.structurizr.view.View                : There is no layout information for the element named Happy Headlines System on view SystemLandscape-001
2026-09-08T19:46:52.235Z  WARN 1 --- [http-nio-8080-exec-2] com.structurizr.view.View                : There is no layout information for the element named Happy Headlines System on view SystemContext-001
2026-09-08T19:47:27.809Z  WARN 1 --- [http-nio-8080-exec-2] com.structurizr.view.View                : There is no layout information for the element named Reader on view SystemContext-001
2026-09-08T19:53:02.713Z ERROR 1 --- [http-nio-8080-exec-6] c.s.s.w.w.a.DiagramViewerController      : com.structurizr.dsl.StructurizrDslParserException: The destination element "draftService" does not exist at line 39 of /usr/local/structurizr/workspace.dsl: WebApp -> draftService "save draft, publish articles - draft"
2026-09-08T19:56:51.818Z ERROR 1 --- [http-nio-8080-exec-6] c.s.s.w.w.a.DiagramViewerController      : com.structurizr.dsl.StructurizrDslParserException: A container named 'ArticleDatabase' already exists for this software system at line 23 of /usr/local/structurizr/workspace.dsl: ArticleDatabase = container "ArticleDatabase" "C#.NET Web API" "Provides a random planet name based on a given language." {
2026-09-08T20:02:42.473Z ERROR 1 --- [http-nio-8080-exec-10] c.s.s.w.w.a.DiagramViewerController      : com.structurizr.dsl.StructurizrDslParserException: Too many tokens, expected: <identifier> -> <identifier> [description] [technology] [tags] at line 53 of /usr/local/structurizr/workspace.dsl: WebApp -> ArticleQueue "Fetches a random greeting" -> ArticleDatabase "Fetches a random greeting"
